<?xml version="1.0" encoding="utf-8"?>
<wxToolBoxSkin>
  <Style StyleValue="0"/>
  <BackgroundColour Red="35" Green="42" Blue="68"/>
  <BorderHighlightColour Red="212" Green="208" Blue="200"/>
  <BorderShadowColour Red="64" Green="64" Blue="64"/>
  <Background Path="Background.png"/>
  <TabIcons Path="ItemIcons.png" ImageWidth="16" ImageHeight="16"/>
  <ItemIcons Path="ItemIcons.png" ImageWidth="16" ImageHeight="16"/>
  <Flags ItemsTransparent="1" SelectedItemTransparent="0" UseBackground="1" UseStdArrows="1" SelectNewTab="1" PreDrawBackgrounds="0" ShowSelectionAlways="0"/>
  <Buttons>
    <ButtonHoverColour Red="212" Green="208" Blue="200"/>
    <ButtonNormalColour Red="170" Green="170" Blue="170"/>
    <ButtonSelectedColour Red="212" Green="208" Blue="200"/>
    <Flags UseButtonBackground="1"/>
    <NormalBackground Left="TAB_Skin_Left.PNG" Middle="Button_Skin_Middle.PNG" Right="TAB_Skin_Right.PNG"/>
    <HoverBackground Left="TAB_Skin_Left_Hov.PNG" Middle="Button_Skin_Middle_Hov.PNG" Right="TAB_Skin_Right_Hov.PNG"/>
    <SelectedBackground Left="TAB_Skin_Left_Sel.PNG" Middle="Button_Skin_Middle_Sel.PNG" Right="TAB_Skin_Right_Sel.PNG"/>
  </Buttons>
  <Tabs>
    <TabHoverColour Red="212" Green="208" Blue="200"/>
    <TabNormalColour Red="170" Green="170" Blue="170"/>
    <TabSelectedColour Red="236" Green="233" Blue="216"/>
    <TabTextColour Red="0" Green="0" Blue="0"/>
    <Flags UseTabBackground="1"/>
    <Sizes TabHeight="26" TabSpacing="1" TabCaptionSpacing="2"/>
    <NormalBackground Left="TAB_Skin_Left.PNG" Middle="TAB_Skin_Middle.PNG" Right="TAB_Skin_Right.PNG"/>
    <HoverBackground Left="TAB_Skin_Left_Hov.PNG" Middle="TAB_Skin_Middle_Hov.PNG" Right="TAB_Skin_Right_Hov.PNG"/>
    <SelectedBackground Left="TAB_Skin_Left_Sel.PNG" Middle="TAB_Skin_Middle_Sel.PNG" Right="TAB_Skin_Right_Sel.PNG"/>
    <TabNormalFont DefaultEncoding="-1" FaceName="MS Shell Dlg 2" Family="74" PointSize="8" Style="90" Underlined="0" Weight="90"/>
    <TabHoverFont DefaultEncoding="-1" FaceName="Tahoma" Family="74" PointSize="8" Style="90" Underlined="0" Weight="90"/>
    <TabSelectedFont DefaultEncoding="-1" FaceName="MS Shell Dlg 2" Family="74" PointSize="8" Style="90" Underlined="0" Weight="90"/>
  </Tabs>
  <Items>
    <ItemHoverColour Red="116" Green="117" Blue="72"/>
    <ItemNormalColour Red="35" Green="42" Blue="68"/>
    <ItemSelectedColour Red="110" Green="110" Blue="60"/>
    <ItemTextColour Red="0" Green="0" Blue="0"/>
    <Flags UseItemNormalBackground="0" UseItemHoverBackground="0" UseItemSelectedBackground="0"/>
    <Sizes ItemHeight="26" ItemSpacing="1" ItemCaptionSpacing="1"/>
    <NormalBackground Left="" Middle="" Right=""/>
    <HoverBackground Left="" Middle="" Right=""/>
    <SelectedBackground Left="" Middle="" Right=""/>
    <ItemNormalFont DefaultEncoding="-1" FaceName="Tahoma" Family="74" PointSize="8" Style="90" Underlined="0" Weight="92"/>
    <ItemHoverFont DefaultEncoding="-1" FaceName="Tahoma" Family="74" PointSize="8" Style="90" Underlined="0" Weight="92"/>
    <ItemSelectedFont DefaultEncoding="-1" FaceName="Tahoma" Family="74" PointSize="8" Style="90" Underlined="0" Weight="92"/>
  </Items>
</wxToolBoxSkin>
